Ôû▓ Next.js 16.2.4 (Turbopack)
- Environments: .env

  Creating an optimized production build ...
Ô£ô Compiled successfully in 2.9s
  Running TypeScript ...
  Finished TypeScript in 5.4s ...
  Collecting page data using 7 workers ...
  Generating static pages using 7 workers (0/31) ...
  Generating static pages using 7 workers (7/31) 
  Generating static pages using 7 workers (15/31) 
  Generating static pages using 7 workers (23/31) 
prisma:query SELECT "public"."Entry"."id", "public"."Entry"."tmdbId", "public"."Entry"."parentTmdbId", "public"."Entry"."seasonNumber", "public"."Entry"."title", "public"."Entry"."type"::text, "public"."Entry"."status"::text, "public"."Entry"."score", "public"."Entry"."progress", "public"."Entry"."totalEpisodes", "public"."Entry"."startDate", "public"."Entry"."finishDate", "public"."Entry"."rewatchCount", "public"."Entry"."synopsis", "public"."Entry"."releaseDate", "public"."Entry"."endDate", "public"."Entry"."format", "public"."Entry"."rating", "public"."Entry"."popularity", "public"."Entry"."imagePath", "public"."Entry"."bannerPath", "public"."Entry"."customImage", "public"."Entry"."genres", "public"."Entry"."studio", "public"."Entry"."staff", "public"."Entry"."notes", "public"."Entry"."private", "public"."Entry"."hidden", "public"."Entry"."isFavorite", "public"."Entry"."favoriteRank", "public"."Entry"."updatedAt", "public"."Entry"."createdAt" FROM "public"."Entry" WHERE ("public"."Entry"."status" = CAST($1::text AS "public"."MediaStatus") AND "public"."Entry"."type" = CAST($2::text AS "public"."MediaType")) ORDER BY "public"."Entry"."id" ASC LIMIT $3 OFFSET $4
prisma:query SELECT "public"."Entry"."id", "public"."Entry"."tmdbId", "public"."Entry"."parentTmdbId", "public"."Entry"."seasonNumber", "public"."Entry"."title", "public"."Entry"."type"::text, "public"."Entry"."status"::text, "public"."Entry"."score", "public"."Entry"."progress", "public"."Entry"."totalEpisodes", "public"."Entry"."startDate", "public"."Entry"."finishDate", "public"."Entry"."rewatchCount", "public"."Entry"."synopsis", "public"."Entry"."releaseDate", "public"."Entry"."endDate", "public"."Entry"."format", "public"."Entry"."rating", "public"."Entry"."popularity", "public"."Entry"."imagePath", "public"."Entry"."bannerPath", "public"."Entry"."customImage", "public"."Entry"."genres", "public"."Entry"."studio", "public"."Entry"."staff", "public"."Entry"."notes", "public"."Entry"."private", "public"."Entry"."hidden", "public"."Entry"."isFavorite", "public"."Entry"."favoriteRank", "public"."Entry"."updatedAt", "public"."Entry"."createdAt" FROM "public"."Entry" WHERE ("public"."Entry"."status" = CAST($1::text AS "public"."MediaStatus") AND (NOT "public"."Entry"."id" IN ($2))) ORDER BY "public"."Entry"."updatedAt" DESC LIMIT $3 OFFSET $4
prisma:query SELECT "public"."Entry"."id", "public"."Entry"."tmdbId", "public"."Entry"."parentTmdbId", "public"."Entry"."seasonNumber", "public"."Entry"."title", "public"."Entry"."type"::text, "public"."Entry"."status"::text, "public"."Entry"."score", "public"."Entry"."progress", "public"."Entry"."totalEpisodes", "public"."Entry"."startDate", "public"."Entry"."finishDate", "public"."Entry"."rewatchCount", "public"."Entry"."synopsis", "public"."Entry"."releaseDate", "public"."Entry"."endDate", "public"."Entry"."format", "public"."Entry"."rating", "public"."Entry"."popularity", "public"."Entry"."imagePath", "public"."Entry"."bannerPath", "public"."Entry"."customImage", "public"."Entry"."genres", "public"."Entry"."studio", "public"."Entry"."staff", "public"."Entry"."notes", "public"."Entry"."private", "public"."Entry"."hidden", "public"."Entry"."isFavorite", "public"."Entry"."favoriteRank", "public"."Entry"."updatedAt", "public"."Entry"."createdAt" FROM "public"."Entry" WHERE ("public"."Entry"."status" IN (CAST($1::text AS "public"."MediaStatus"),CAST($2::text AS "public"."MediaStatus")) AND "public"."Entry"."type" = CAST($3::text AS "public"."MediaType") AND "public"."Entry"."totalEpisodes" IS NOT NULL) ORDER BY "public"."Entry"."status" ASC, "public"."Entry"."updatedAt" ASC OFFSET $4
prisma:query SELECT "public"."Entry"."id", "public"."Entry"."tmdbId", "public"."Entry"."parentTmdbId", "public"."Entry"."seasonNumber", "public"."Entry"."title", "public"."Entry"."type"::text, "public"."Entry"."status"::text, "public"."Entry"."score", "public"."Entry"."progress", "public"."Entry"."totalEpisodes", "public"."Entry"."startDate", "public"."Entry"."finishDate", "public"."Entry"."rewatchCount", "public"."Entry"."synopsis", "public"."Entry"."releaseDate", "public"."Entry"."endDate", "public"."Entry"."format", "public"."Entry"."rating", "public"."Entry"."popularity", "public"."Entry"."imagePath", "public"."Entry"."bannerPath", "public"."Entry"."customImage", "public"."Entry"."genres", "public"."Entry"."studio", "public"."Entry"."staff", "public"."Entry"."notes", "public"."Entry"."private", "public"."Entry"."hidden", "public"."Entry"."isFavorite", "public"."Entry"."favoriteRank", "public"."Entry"."updatedAt", "public"."Entry"."createdAt" FROM "public"."Entry" WHERE ("public"."Entry"."status" = CAST($1::text AS "public"."MediaStatus") AND "public"."Entry"."type" = CAST($2::text AS "public"."MediaType") AND "public"."Entry"."totalEpisodes" IS NOT NULL AND "public"."Entry"."progress" > $3) ORDER BY "public"."Entry"."updatedAt" ASC OFFSET $4
prisma:query SELECT "public"."Entry"."id", "public"."Entry"."tmdbId", "public"."Entry"."parentTmdbId", "public"."Entry"."seasonNumber", "public"."Entry"."title", "public"."Entry"."type"::text, "public"."Entry"."status"::text, "public"."Entry"."score", "public"."Entry"."progress", "public"."Entry"."totalEpisodes", "public"."Entry"."startDate", "public"."Entry"."finishDate", "public"."Entry"."rewatchCount", "public"."Entry"."synopsis", "public"."Entry"."releaseDate", "public"."Entry"."endDate", "public"."Entry"."format", "public"."Entry"."rating", "public"."Entry"."popularity", "public"."Entry"."imagePath", "public"."Entry"."bannerPath", "public"."Entry"."customImage", "public"."Entry"."genres", "public"."Entry"."studio", "public"."Entry"."staff", "public"."Entry"."notes", "public"."Entry"."private", "public"."Entry"."hidden", "public"."Entry"."isFavorite", "public"."Entry"."favoriteRank", "public"."Entry"."updatedAt", "public"."Entry"."createdAt" FROM "public"."Entry" WHERE ("public"."Entry"."status" = CAST($1::text AS "public"."MediaStatus") AND "public"."Entry"."type" = CAST($2::text AS "public"."MediaType")) ORDER BY "public"."Entry"."createdAt" ASC OFFSET $3
prisma:query SELECT "public"."Entry"."id", "public"."Entry"."tmdbId", "public"."Entry"."parentTmdbId", "public"."Entry"."seasonNumber", "public"."Entry"."title", "public"."Entry"."type"::text, "public"."Entry"."status"::text, "public"."Entry"."score", "public"."Entry"."progress", "public"."Entry"."totalEpisodes", "public"."Entry"."startDate", "public"."Entry"."finishDate", "public"."Entry"."rewatchCount", "public"."Entry"."synopsis", "public"."Entry"."releaseDate", "public"."Entry"."endDate", "public"."Entry"."format", "public"."Entry"."rating", "public"."Entry"."popularity", "public"."Entry"."imagePath", "public"."Entry"."bannerPath", "public"."Entry"."customImage", "public"."Entry"."genres", "public"."Entry"."studio", "public"."Entry"."staff", "public"."Entry"."notes", "public"."Entry"."private", "public"."Entry"."hidden", "public"."Entry"."isFavorite", "public"."Entry"."favoriteRank", "public"."Entry"."updatedAt", "public"."Entry"."createdAt" FROM "public"."Entry" WHERE ("public"."Entry"."status" = CAST($1::text AS "public"."MediaStatus") AND "public"."Entry"."type" = CAST($2::text AS "public"."MediaType")) ORDER BY "public"."Entry"."updatedAt" ASC OFFSET $3
Ô£ô Generating static pages using 7 workers (31/31) in 1536ms
  Finalizing page optimization ...

Route (app)                                   Revalidate  Expire
Ôöî Ôùï /                                                30m      1y
Ôö£ Ôùï /_not-found
Ôö£ ãÆ /api/activity
Ôö£ ãÆ /api/activity/[id]
Ôö£ ãÆ /api/activity/export
Ôö£ ãÆ /api/activity/import
Ôö£ ãÆ /api/add-media
Ôö£ ãÆ /api/backup/full-export
Ôö£ ãÆ /api/backup/full-import
Ôö£ ãÆ /api/entries
Ôö£ ãÆ /api/entries/[id]
Ôö£ ãÆ /api/entries/import
Ôö£ ãÆ /api/entry/[id]
Ôö£ ãÆ /api/entry/by-slug/[slug]
Ôö£ ãÆ /api/gamification/award-xp
Ôö£ ãÆ /api/gamification/bootstrap-xp
Ôö£ ãÆ /api/gamification/challenges
Ôö£ ãÆ /api/gamification/personal-goals
Ôö£ ãÆ /api/gamification/reset-daily-challenges
Ôö£ ãÆ /api/gamification/user-stats
Ôö£ ãÆ /api/next-up
Ôö£ ãÆ /api/notifications
Ôö£ ãÆ /api/profile
Ôö£ ãÆ /api/profile/export
Ôö£ ãÆ /api/profile/import
Ôö£ ãÆ /api/refresh-all
Ôö£ ãÆ /api/relations
Ôö£ ãÆ /api/relations/export
Ôö£ ãÆ /api/relations/import
Ôö£ ãÆ /api/update-entry
Ôö£ Ôùï /gamification
Ôö£ Ôùï /profile
Ôö£ Ôùï /search
Ôöö ãÆ /titles/[id]


Ôùï  (Static)   prerendered as static content
ãÆ  (Dynamic)  server-rendered on demand

